[backblue.gif]
[fade.gif]
[index.html]
[karciz.dexignzone.com/laravel/demo/public/images/favicon.png]
[cdn.lineicons.com/2.0/LineIcons.css]
[karciz.dexignzone.com/laravel/demo/public/images/logo.png]
[karciz.dexignzone.com/laravel/demo/public/images/logo-text.png]
[karciz.dexignzone.com/laravel/demo/public/images/avatar/1.jpg]
[karciz.dexignzone.com/laravel/demo/public/images/avatar/2.jpg]
[karciz.dexignzone.com/laravel/demo/public/images/avatar/3.jpg]
[karciz.dexignzone.com/laravel/demo/public/images/avatar/4.jpg]
[karciz.dexignzone.com/laravel/demo/public/images/avatar/5.jpg]
[karciz.dexignzone.com/laravel/demo/public/images/profile/12.png]
[karciz.dexignzone.com/laravel/demo/public/images/card/1.jpg]
[karciz.dexignzone.com/laravel/demo/public/images/card/2.jpg]
[karciz.dexignzone.com/laravel/demo/public/images/card/3.jpg]
[dzassets.s3.amazonaws.com/w3-global8bb6.js]
[karciz.dexignzone.com/laravel/demo/index.html]
[karciz.dexignzone.com/laravel/demo/public/vendor/bootstrap-select/dist/css/bootstrap-select.min.css]
[karciz.dexignzone.com/laravel/demo/public/vendor/owl-carousel/owl.carousel.css]
[cdn.lineicons.com/2.0/fonts/LineIcons.eot]
[cdn.lineicons.com/2.0/fonts/LineIcons.woff2]
[cdn.lineicons.com/2.0/fonts/LineIcons.woff]
[cdn.lineicons.com/2.0/fonts/LineIcons.ttf]
[cdn.lineicons.com/2.0/LineIcons.css]
[cdn.lineicons.com/2.0/fonts/LineIcons.svg]
[karciz.dexignzone.com/laravel/demo/public/images/profile/cover.jpg]
[karciz.dexignzone.com/laravel/demo/public/images/1.jpg]
[karciz.dexignzone.com/laravel/demo/public/images/dolor.png]
[karciz.dexignzone.com/laravel/demo/public/images/ticket.png]
[karciz.dexignzone.com/laravel/demo/public/images/dots2.png]
[karciz.dexignzone.com/laravel/demo/public/images/dots.png]
[karciz.dexignzone.com/laravel/demo/public/css/style.css]
[karciz.dexignzone.com/laravel/demo/public/images/profile/profile.png]
[karciz.dexignzone.com/laravel/demo/public/images/profile/1.jpg]
[karciz.dexignzone.com/laravel/demo/public/images/profile/2.jpg]
[karciz.dexignzone.com/laravel/demo/public/images/profile/3.jpg]
[karciz.dexignzone.com/laravel/demo/public/images/profile/4.jpg]
[karciz.dexignzone.com/laravel/demo/public/images/profile/5.jpg]
[karciz.dexignzone.com/laravel/demo/public/images/profile/6.jpg]
[karciz.dexignzone.com/laravel/demo/public/images/profile/7.jpg]
[karciz.dexignzone.com/laravel/demo/public/images/profile/8.jpg]
[karciz.dexignzone.com/laravel/demo/public/images/profile/9.jpg]
[karciz.dexignzone.com/laravel/demo/app-profile.html]
[karciz.dexignzone.com/laravel/demo/email-inbox.html]
[karciz.dexignzone.com/laravel/demo/page-login.html]
[karciz.dexignzone.com/laravel/demo/event-list.html]
[karciz.dexignzone.com/laravel/demo/public/images/card/4.jpg]
[karciz.dexignzone.com/laravel/demo/public/images/testimonial/1.png]
[karciz.dexignzone.com/laravel/demo/page-event.html]
[karciz.dexignzone.com/laravel/demo/customers.html]
[karciz.dexignzone.com/laravel/demo/page-analytics.html]
[karciz.dexignzone.com/laravel/demo/public/images/avatar/6.jpg]
[karciz.dexignzone.com/laravel/demo/page-review.html]
[karciz.dexignzone.com/laravel/demo/email-compose.html]
[karciz.dexignzone.com/laravel/demo/email-read.html]
[karciz.dexignzone.com/laravel/demo/app-calender.html]
[karciz.dexignzone.com/laravel/demo/public/images/product/1.jpg]
[karciz.dexignzone.com/laravel/demo/public/images/product/2.jpg]
[karciz.dexignzone.com/laravel/demo/public/images/product/3.jpg]
[karciz.dexignzone.com/laravel/demo/public/images/product/4.jpg]
[karciz.dexignzone.com/laravel/demo/public/images/product/5.jpg]
[karciz.dexignzone.com/laravel/demo/public/images/product/6.jpg]
[karciz.dexignzone.com/laravel/demo/public/images/product/7.jpg]
[karciz.dexignzone.com/laravel/demo/ecom-product-grid.html]
[karciz.dexignzone.com/laravel/demo/ecom-product-list.html]
[karciz.dexignzone.com/laravel/demo/public/images/tab/1.jpg]
[karciz.dexignzone.com/laravel/demo/public/images/tab/2.jpg]
[karciz.dexignzone.com/laravel/demo/public/images/tab/3.jpg]
[karciz.dexignzone.com/laravel/demo/public/images/tab/4.jpg]
[karciz.dexignzone.com/laravel/demo/ecom-product-detail.html]
[karciz.dexignzone.com/laravel/demo/ecom-product-order.html]
[karciz.dexignzone.com/laravel/demo/ecom-checkout.html]
[karciz.dexignzone.com/laravel/demo/ecom-invoice.html]
[karciz.dexignzone.com/laravel/demo/public/images/avatar/5.png]
[karciz.dexignzone.com/laravel/demo/public/images/avatar/1.png]
[karciz.dexignzone.com/laravel/demo/ecom-customers.html]
[karciz.dexignzone.com/laravel/demo/chart-flot.html]
[karciz.dexignzone.com/laravel/demo/chart-morris.html]
[karciz.dexignzone.com/laravel/demo/chart-chartjs.html]
[karciz.dexignzone.com/laravel/demo/chart-chartist.html]
[karciz.dexignzone.com/laravel/demo/chart-sparkline.html]
[karciz.dexignzone.com/laravel/demo/chart-peity.html]
[karciz.dexignzone.com/laravel/demo/ui-accordion.html]
[karciz.dexignzone.com/laravel/demo/ui-alert.html]
[karciz.dexignzone.com/laravel/demo/ui-badge.html]
[karciz.dexignzone.com/laravel/demo/ui-button.html]
[karciz.dexignzone.com/laravel/demo/ui-modal.html]
[karciz.dexignzone.com/laravel/demo/ui-button-group.html]
[karciz.dexignzone.com/laravel/demo/ui-list-group.html]
[karciz.dexignzone.com/laravel/demo/public/images/avatar/7.jpg]
[karciz.dexignzone.com/laravel/demo/public/images/avatar/8.jpg]
[karciz.dexignzone.com/laravel/demo/ui-media-object.html]
[karciz.dexignzone.com/laravel/demo/public/images/card/1.png]
[karciz.dexignzone.com/laravel/demo/public/images/card/2.png]
[karciz.dexignzone.com/laravel/demo/public/images/card/3.png]
[karciz.dexignzone.com/laravel/demo/ui-card.html]
[karciz.dexignzone.com/laravel/demo/public/images/big/img1.jpg]
[karciz.dexignzone.com/laravel/demo/public/images/big/img2.jpg]
[karciz.dexignzone.com/laravel/demo/public/images/big/img3.jpg]
[karciz.dexignzone.com/laravel/demo/public/images/big/img4.jpg]
[karciz.dexignzone.com/laravel/demo/public/images/big/img5.jpg]
[karciz.dexignzone.com/laravel/demo/public/images/big/img6.jpg]
[karciz.dexignzone.com/laravel/demo/public/images/big/img7.jpg]
[karciz.dexignzone.com/laravel/demo/ui-carousel.html]
[karciz.dexignzone.com/laravel/demo/ui-dropdown.html]
[karciz.dexignzone.com/laravel/demo/ui-popover.html]
[karciz.dexignzone.com/laravel/demo/ui-progressbar.html]
[karciz.dexignzone.com/laravel/demo/ui-tab.html]
[karciz.dexignzone.com/laravel/demo/ui-typography.html]
[karciz.dexignzone.com/laravel/demo/ui-pagination.html]
[karciz.dexignzone.com/laravel/demo/ui-grid.html]
[karciz.dexignzone.com/laravel/demo/uc-select2.html]
[karciz.dexignzone.com/laravel/demo/uc-nestable.html]
[karciz.dexignzone.com/laravel/demo/uc-noui-slider.html]
[karciz.dexignzone.com/laravel/demo/uc-sweetalert.html]
[karciz.dexignzone.com/laravel/demo/uc-toastr.html]
[karciz.dexignzone.com/laravel/demo/map-jqvmap.html]
[karciz.dexignzone.com/laravel/demo/public/images/gallery/pic1.jpg]
[karciz.dexignzone.com/laravel/demo/public/images/gallery/pic2.jpg]
[karciz.dexignzone.com/laravel/demo/public/images/gallery/pic3.jpg]
[karciz.dexignzone.com/laravel/demo/public/images/gallery/pic4.jpg]
[karciz.dexignzone.com/laravel/demo/uc-lightgallery.html]
[karciz.dexignzone.com/laravel/demo/widget-basic.html]
[karciz.dexignzone.com/laravel/demo/form-element.html]
[karciz.dexignzone.com/laravel/demo/form-wizard.html]
[karciz.dexignzone.com/laravel/demo/form-editor-summernote.html]
[karciz.dexignzone.com/laravel/demo/form-pickers.html]
[karciz.dexignzone.com/laravel/demo/form-validation-jquery.html]
[karciz.dexignzone.com/laravel/demo/table-bootstrap-basic.html]
[karciz.dexignzone.com/laravel/demo/public/images/profile/small/pic1.jpg]
[karciz.dexignzone.com/laravel/demo/public/images/profile/small/pic2.jpg]
[karciz.dexignzone.com/laravel/demo/public/images/profile/small/pic3.jpg]
[karciz.dexignzone.com/laravel/demo/public/images/profile/small/pic4.jpg]
[karciz.dexignzone.com/laravel/demo/public/images/profile/small/pic5.jpg]
[karciz.dexignzone.com/laravel/demo/public/images/profile/small/pic6.jpg]
[karciz.dexignzone.com/laravel/demo/public/images/profile/small/pic7.jpg]
[karciz.dexignzone.com/laravel/demo/public/images/profile/small/pic8.jpg]
[karciz.dexignzone.com/laravel/demo/public/images/profile/small/pic9.jpg]
[karciz.dexignzone.com/laravel/demo/public/images/profile/small/pic10.jpg]
[karciz.dexignzone.com/laravel/demo/table-datatable-basic.html]
[karciz.dexignzone.com/laravel/demo/page-register.html]
[karciz.dexignzone.com/laravel/demo/page-error-400.html]
[karciz.dexignzone.com/laravel/demo/page-error-403.html]
[karciz.dexignzone.com/laravel/demo/page-error-404.html]
[karciz.dexignzone.com/laravel/demo/page-error-500.html]
[karciz.dexignzone.com/laravel/demo/page-error-503.html]
[karciz.dexignzone.com/laravel/demo/page-lock-screen.html]
[karciz.dexignzone.com/laravel/demo/javascript.html]
[karciz.dexignzone.com/laravel/demo/public/vendor/global/global.min.js]
[karciz.dexignzone.com/laravel/demo/public/vendor/bootstrap-select/dist/js/bootstrap-select.min.js]
[karciz.dexignzone.com/laravel/demo/public/vendor/chart.js/Chart.bundle.min.js]
[karciz.dexignzone.com/laravel/demo/public/vendor/owl-carousel/owl.carousel.js]
[karciz.dexignzone.com/laravel/demo/public/vendor/apexchart/apexchart.js]
[karciz.dexignzone.com/laravel/demo/public/js/dashboard/dashboard-1.js]
[karciz.dexignzone.com/laravel/demo/public/js/custom.min.js]
[karciz.dexignzone.com/laravel/demo/public/js/deznav-init.js]
[karciz.dexignzone.com/laravel/demo/public/vendor/owl-carousel/owl.video.play.html]
[cdn.lineicons.com/2.0/fonts/LineIcons.svg]
[karciz.dexignzone.com/laravel/demo/public/icons/simple-line-icons/fonts/Simple-Line-Icons4c824c82.eot]
[karciz.dexignzone.com/laravel/demo/public/icons/simple-line-icons/fonts/Simple-Line-Iconsd41dd41d.eot]
[karciz.dexignzone.com/laravel/demo/public/icons/simple-line-icons/fonts/Simple-Line-Icons4c824c82.ttf]
[karciz.dexignzone.com/laravel/demo/public/icons/simple-line-icons/fonts/Simple-Line-Icons4c824c82.woff2]
[karciz.dexignzone.com/laravel/demo/public/icons/simple-line-icons/fonts/Simple-Line-Icons4c824c82.woff]
[karciz.dexignzone.com/laravel/demo/public/icons/simple-line-icons/css/simple-line-icons.css]
[karciz.dexignzone.com/laravel/demo/public/icons/font-awesome-old/fonts/fontawesome-webfont3e6e3e6e.eot]
[karciz.dexignzone.com/laravel/demo/public/icons/font-awesome-old/fonts/fontawesome-webfontd41dd41d.eot]
[karciz.dexignzone.com/laravel/demo/public/icons/font-awesome-old/fonts/fontawesome-webfont3e6e3e6e.woff2]
[karciz.dexignzone.com/laravel/demo/public/icons/font-awesome-old/fonts/fontawesome-webfont3e6e3e6e.woff]
[karciz.dexignzone.com/laravel/demo/public/icons/font-awesome-old/fonts/fontawesome-webfont3e6e3e6e.ttf]
[karciz.dexignzone.com/laravel/demo/public/icons/font-awesome-old/css/font-awesome.min.css]
[karciz.dexignzone.com/laravel/demo/public/icons/material-design-iconic-font/fonts/materialdesignicons-webfont683c.eot]
[karciz.dexignzone.com/laravel/demo/public/icons/material-design-iconic-font/fonts/materialdesignicons-webfontd41d.eot]
[karciz.dexignzone.com/laravel/demo/public/icons/material-design-iconic-font/fonts/materialdesignicons-webfont683c.woff2]
[karciz.dexignzone.com/laravel/demo/public/icons/material-design-iconic-font/fonts/materialdesignicons-webfont683c.woff]
[karciz.dexignzone.com/laravel/demo/public/icons/material-design-iconic-font/fonts/materialdesignicons-webfont683c.ttf]
[karciz.dexignzone.com/laravel/demo/public/icons/material-design-iconic-font/css/materialdesignicons.min.css]
[karciz.dexignzone.com/laravel/demo/public/icons/themify-icons/fonts/themify9f249f24.eot]
[karciz.dexignzone.com/laravel/demo/public/icons/themify-icons/fonts/themifyd41dd41d.eot]
[karciz.dexignzone.com/laravel/demo/public/icons/themify-icons/fonts/themify.woff]
[karciz.dexignzone.com/laravel/demo/public/icons/themify-icons/fonts/themify.ttf]
[karciz.dexignzone.com/laravel/demo/public/icons/themify-icons/css/themify-icons.css]
[karciz.dexignzone.com/laravel/demo/public/icons/line-awesome/fonts/la-brands-400.eot]
[karciz.dexignzone.com/laravel/demo/public/icons/line-awesome/fonts/la-brands-400d41d.eot]
[karciz.dexignzone.com/laravel/demo/public/icons/line-awesome/fonts/la-brands-400.woff2]
[karciz.dexignzone.com/laravel/demo/public/icons/line-awesome/fonts/la-brands-400.woff]
[karciz.dexignzone.com/laravel/demo/public/icons/line-awesome/fonts/la-brands-400.ttf]
[karciz.dexignzone.com/laravel/demo/public/icons/line-awesome/fonts/la-regular-400.eot]
[karciz.dexignzone.com/laravel/demo/public/icons/line-awesome/fonts/la-regular-400d41d.eot]
[karciz.dexignzone.com/laravel/demo/public/icons/line-awesome/fonts/la-regular-400.woff2]
[karciz.dexignzone.com/laravel/demo/public/icons/line-awesome/fonts/la-regular-400.woff]
[karciz.dexignzone.com/laravel/demo/public/icons/line-awesome/fonts/la-regular-400.ttf]
[karciz.dexignzone.com/laravel/demo/public/icons/line-awesome/fonts/la-solid-900.eot]
[karciz.dexignzone.com/laravel/demo/public/icons/line-awesome/fonts/la-solid-900d41d.eot]
[karciz.dexignzone.com/laravel/demo/public/icons/line-awesome/fonts/la-solid-900.woff2]
[karciz.dexignzone.com/laravel/demo/public/icons/line-awesome/fonts/la-solid-900.woff]
[karciz.dexignzone.com/laravel/demo/public/icons/line-awesome/fonts/la-solid-900.ttf]
[karciz.dexignzone.com/laravel/demo/public/icons/line-awesome/css/line-awesome.min.css]
[karciz.dexignzone.com/laravel/demo/public/icons/avasta/fonts/avasta.eot]
[karciz.dexignzone.com/laravel/demo/public/icons/avasta/fonts/avasta.woff2]
[karciz.dexignzone.com/laravel/demo/public/icons/avasta/fonts/avasta.woff]
[karciz.dexignzone.com/laravel/demo/public/icons/avasta/fonts/avasta.ttf]
[karciz.dexignzone.com/laravel/demo/public/icons/avasta/css/style.css]
[karciz.dexignzone.com/laravel/demo/public/icons/flaticon/Flaticon.eot]
[karciz.dexignzone.com/laravel/demo/public/icons/flaticon/Flaticond41d.eot]
[karciz.dexignzone.com/laravel/demo/public/icons/flaticon/Flaticon.woff]
[karciz.dexignzone.com/laravel/demo/public/icons/flaticon/Flaticon.ttf]
[karciz.dexignzone.com/laravel/demo/public/icons/flaticon/flaticon.css]
[karciz.dexignzone.com/laravel/demo/public/icons/icomoon/fonts/icomoon.eot]
[karciz.dexignzone.com/laravel/demo/public/icons/icomoon/fonts/icomoon.ttf]
[karciz.dexignzone.com/laravel/demo/public/icons/icomoon/fonts/icomoon.woff]
[karciz.dexignzone.com/laravel/demo/public/icons/icomoon/icomoon.css]
[karciz.dexignzone.com/laravel/demo/public/vendor/animate/animate.min.css]
[karciz.dexignzone.com/laravel/demo/public/vendor/aos/css/aos.min.css]
[karciz.dexignzone.com/laravel/demo/public/vendor/perfect-scrollbar/css/perfect-scrollbar.css]
[karciz.dexignzone.com/laravel/demo/public/vendor/metismenu/css/metisMenu.min.css]
[karciz.dexignzone.com/laravel/demo/public/images/body/12.html]
[karciz.dexignzone.com/laravel/demo/public/images/svg/cd-arrow.html]
[karciz.dexignzone.com/laravel/demo/page-forgot-password.html]
[karciz.dexignzone.com/laravel/demo/public/vendor/datatables/images/sort_both.png]
[karciz.dexignzone.com/laravel/demo/public/vendor/datatables/images/sort_asc.png]
[karciz.dexignzone.com/laravel/demo/public/vendor/datatables/images/sort_desc.png]
[karciz.dexignzone.com/laravel/demo/public/vendor/datatables/images/sort_asc_disabled.png]
[karciz.dexignzone.com/laravel/demo/public/vendor/datatables/images/sort_desc_disabled.png]
[karciz.dexignzone.com/laravel/demo/public/vendor/datatables/css/jquery.dataTables.min.css]
[karciz.dexignzone.com/laravel/demo/public/vendor/datatables/js/jquery.dataTables.min.js]
[karciz.dexignzone.com/laravel/demo/public/js/dashboard/page-event.js]
[karciz.dexignzone.com/laravel/demo/public/js/dashboard/page-analytics.js]
[karciz.dexignzone.com/laravel/demo/public/vendor/dropzone/dist/dropzone.css]
[karciz.dexignzone.com/laravel/demo/public/vendor/dropzone/dist/dropzone.js]
[karciz.dexignzone.com/laravel/demo/public/vendor/fullcalendar/css/fullcalendar.min.css]
[karciz.dexignzone.com/laravel/demo/public/vendor/jqueryui/js/jquery-ui.min.js]
[karciz.dexignzone.com/laravel/demo/public/vendor/moment/moment.min.js]
[karciz.dexignzone.com/laravel/demo/public/vendor/fullcalendar/js/fullcalendar.min.js]
[karciz.dexignzone.com/laravel/demo/public/js/plugins-init/fullcalendar-init.js]
[karciz.dexignzone.com/laravel/demo/public/vendor/highlightjs/highlight.pack.min.js]
[karciz.dexignzone.com/laravel/demo/public/vendor/flot/jquery.flot.js]
[karciz.dexignzone.com/laravel/demo/public/vendor/flot/jquery.flot.pie.js]
[karciz.dexignzone.com/laravel/demo/public/vendor/flot/jquery.flot.resize.js]
[karciz.dexignzone.com/laravel/demo/public/vendor/flot-spline/jquery.flot.spline.min.js]
[karciz.dexignzone.com/laravel/demo/public/js/plugins-init/flot-init.js]
[karciz.dexignzone.com/laravel/demo/public/vendor/morris/raphael-min.js]
[karciz.dexignzone.com/laravel/demo/public/vendor/morris/morris.min.js]
[karciz.dexignzone.com/laravel/demo/public/js/plugins-init/morris-init.js]
[karciz.dexignzone.com/laravel/demo/public/js/plugins-init/chartjs-init.js]
[karciz.dexignzone.com/laravel/demo/public/vendor/chartist/css/chartist.min.css]
[karciz.dexignzone.com/laravel/demo/public/vendor/chartist/js/chartist.min.js]
[karciz.dexignzone.com/laravel/demo/public/vendor/chartist-plugin-tooltips/js/chartist-plugin-tooltip.min.js]
[karciz.dexignzone.com/laravel/demo/public/js/plugins-init/chartist-init.js]
[karciz.dexignzone.com/laravel/demo/public/vendor/jquery-sparkline/jquery.sparkline.min.js]
[karciz.dexignzone.com/laravel/demo/public/js/plugins-init/sparkline-init.js]
[karciz.dexignzone.com/laravel/demo/public/vendor/peity/jquery.peity.min.js]
[karciz.dexignzone.com/laravel/demo/public/js/plugins-init/piety-init.js]
[karciz.dexignzone.com/laravel/demo/public/vendor/select2/css/select2.min.css]
[karciz.dexignzone.com/laravel/demo/public/vendor/select2/js/select2.full.min.js]
[karciz.dexignzone.com/laravel/demo/public/js/plugins-init/select2-init.js]
[karciz.dexignzone.com/laravel/demo/public/vendor/nestable2/css/jquery.nestable.min.css]
[karciz.dexignzone.com/laravel/demo/public/vendor/nestable2/js/jquery.nestable.min.js]
[karciz.dexignzone.com/laravel/demo/public/js/plugins-init/nestable-init.js]
[karciz.dexignzone.com/laravel/demo/public/vendor/nouislider/nouislider.min.css]
[karciz.dexignzone.com/laravel/demo/public/vendor/nouislider/nouislider.min.js]
[karciz.dexignzone.com/laravel/demo/public/vendor/wnumb/wNumb.js]
[karciz.dexignzone.com/laravel/demo/public/js/plugins-init/nouislider-init.js]
[karciz.dexignzone.com/laravel/demo/public/vendor/sweetalert2/dist/sweetalert2.min.css]
[karciz.dexignzone.com/laravel/demo/public/vendor/sweetalert2/dist/sweetalert2.min.js]
[karciz.dexignzone.com/laravel/demo/public/js/plugins-init/sweetalert.init.js]
[karciz.dexignzone.com/laravel/demo/public/vendor/toastr/css/toastr.min.css]
[karciz.dexignzone.com/laravel/demo/public/vendor/toastr/js/toastr.min.js]
[karciz.dexignzone.com/laravel/demo/public/js/plugins-init/toastr-init.js]
[karciz.dexignzone.com/laravel/demo/public/vendor/jqvmap/css/jqvmap.min.css]
[karciz.dexignzone.com/laravel/demo/public/vendor/jqvmap/js/jquery.vmap.min.js]
[karciz.dexignzone.com/laravel/demo/public/vendor/jqvmap/js/jquery.vmap.world.js]
[karciz.dexignzone.com/laravel/demo/public/vendor/jqvmap/js/jquery.vmap.usa.js]
[karciz.dexignzone.com/laravel/demo/public/js/plugins-init/jqvmap-init.js]
[karciz.dexignzone.com/laravel/demo/public/vendor/lightgallery/fonts/lgd641.eot]
[karciz.dexignzone.com/laravel/demo/public/vendor/lightgallery/fonts/lgd41d.eot]
[karciz.dexignzone.com/laravel/demo/public/vendor/lightgallery/fonts/lgd641.woff]
[karciz.dexignzone.com/laravel/demo/public/vendor/lightgallery/fonts/lgd641.ttf]
[karciz.dexignzone.com/laravel/demo/public/vendor/lightgallery/img/vimeo-play.png]
[karciz.dexignzone.com/laravel/demo/public/vendor/lightgallery/img/video-play.png]
[karciz.dexignzone.com/laravel/demo/public/vendor/lightgallery/img/youtube-play.png]
[karciz.dexignzone.com/laravel/demo/public/vendor/lightgallery/img/loading.gif]
[karciz.dexignzone.com/laravel/demo/public/vendor/lightgallery/css/lightgallery.min.css]
[karciz.dexignzone.com/laravel/demo/public/js/plugins-init/widgets-script-init.js]
[karciz.dexignzone.com/laravel/demo/public/vendor/jquery-steps/css/jquery.steps.css]
[karciz.dexignzone.com/laravel/demo/public/vendor/jquery-steps/build/jquery.steps.min.js]
[karciz.dexignzone.com/laravel/demo/public/vendor/jquery-validation/jquery.validate.min.js]
[karciz.dexignzone.com/laravel/demo/public/js/plugins-init/jquery.validate-init.js]
[karciz.dexignzone.com/laravel/demo/public/js/plugins-init/jquery-steps-init.js]
[karciz.dexignzone.com/laravel/demo/public/vendor/summernote/font/summernotec360.eot]
[karciz.dexignzone.com/laravel/demo/public/vendor/summernote/font/summernotec360.woff]
[karciz.dexignzone.com/laravel/demo/public/vendor/summernote/font/summernotec360.ttf]
[karciz.dexignzone.com/laravel/demo/public/vendor/summernote/summernote.css]
[karciz.dexignzone.com/laravel/demo/public/vendor/summernote/js/summernote.min.js]
[karciz.dexignzone.com/laravel/demo/public/js/plugins-init/summernote-init.js]
[karciz.dexignzone.com/laravel/demo/public/vendor/bootstrap-daterangepicker/daterangepicker.css]
[karciz.dexignzone.com/laravel/demo/public/vendor/clockpicker/css/bootstrap-clockpicker.min.css]
[karciz.dexignzone.com/laravel/demo/public/vendor/jquery-asColorPicker/images/transparent.png]
[karciz.dexignzone.com/laravel/demo/public/vendor/jquery-asColorPicker/images/saturation.png]
[karciz.dexignzone.com/laravel/demo/public/vendor/jquery-asColorPicker/images/hue.png]
[karciz.dexignzone.com/laravel/demo/public/vendor/jquery-asColorPicker/images/alpha.png]
[karciz.dexignzone.com/laravel/demo/public/vendor/jquery-asColorPicker/css/asColorPicker.min.css]
[karciz.dexignzone.com/laravel/demo/public/vendor/bootstrap-material-datetimepicker/css/bootstrap-material-datetimepicker.css]
[karciz.dexignzone.com/laravel/demo/public/vendor/pickadate/themes/default.css]
[karciz.dexignzone.com/laravel/demo/public/vendor/pickadate/themes/default.date.css]
[karciz.dexignzone.com/laravel/demo/public/vendor/bootstrap-daterangepicker/daterangepicker.js]
[karciz.dexignzone.com/laravel/demo/public/vendor/clockpicker/js/bootstrap-clockpicker.min.js]
[karciz.dexignzone.com/laravel/demo/public/vendor/jquery-asColor/jquery-asColor.min.js]
[karciz.dexignzone.com/laravel/demo/public/vendor/jquery-asGradient/jquery-asGradient.min.js]
[karciz.dexignzone.com/laravel/demo/public/vendor/jquery-asColorPicker/js/jquery-asColorPicker.min.js]
[karciz.dexignzone.com/laravel/demo/public/vendor/bootstrap-material-datetimepicker/js/bootstrap-material-datetimepicker.js]
[karciz.dexignzone.com/laravel/demo/public/vendor/pickadate/picker.js]
[karciz.dexignzone.com/laravel/demo/public/vendor/pickadate/picker.time.js]
[karciz.dexignzone.com/laravel/demo/public/vendor/pickadate/picker.date.js]
[karciz.dexignzone.com/laravel/demo/public/js/plugins-init/bs-daterange-picker-init.js]
[karciz.dexignzone.com/laravel/demo/public/js/plugins-init/clock-picker-init.js]
[karciz.dexignzone.com/laravel/demo/public/js/plugins-init/jquery-asColorPicker.init.js]
[karciz.dexignzone.com/laravel/demo/public/js/plugins-init/material-date-picker-init.js]
[karciz.dexignzone.com/laravel/demo/public/js/plugins-init/pickadate-init.js]
[karciz.dexignzone.com/laravel/demo/public/js/plugins-init/datatables.init.js]
[karciz.dexignzone.com/laravel/demo/public/vendor/deznav/deznav.min.js]
[karciz.dexignzone.com/laravel/demo/public/icons/simple-line-icons/fonts/Simple-Line-Icons4c824c82.svg]
[karciz.dexignzone.com/laravel/demo/public/icons/font-awesome-old/fonts/fontawesome-webfont3e6e3e6e.svg]
[karciz.dexignzone.com/laravel/demo/public/icons/material-design-iconic-font/fonts/materialdesignicons-webfont683c.svg]
[karciz.dexignzone.com/laravel/demo/public/icons/themify-icons/fonts/themify9f249f24.svg]
[karciz.dexignzone.com/laravel/demo/public/icons/line-awesome/fonts/la-brands-400.svg]
[karciz.dexignzone.com/laravel/demo/public/icons/line-awesome/fonts/la-regular-400.svg]
[karciz.dexignzone.com/laravel/demo/public/icons/line-awesome/fonts/la-solid-900.svg]
[karciz.dexignzone.com/laravel/demo/public/icons/avasta/fonts/avasta.svg]
[karciz.dexignzone.com/laravel/demo/public/icons/flaticon/Flaticon.svg]
[karciz.dexignzone.com/laravel/demo/public/icons/icomoon/fonts/icomoon.svg]
[karciz.dexignzone.com/laravel/demo/public/vendor/lightgallery/fonts/lgd641.svg]
[karciz.dexignzone.com/laravel/demo/image/index.html]
[karciz.dexignzone.com/laravel/demo/vendor/lightgallery/js/lightgallery-all.min.js]
